// Jest Snapshot v1, https://goo.gl/fbAQLP

exports[`Message it renders and matches snapshot 1`] = `
<div>
  <div
    class="StyledGrommet-sc-19lkkz7-0 fXgXKw"
  >
    <span
      class="StyledText-sc-1sadyjn-0 ejlBdv Text__StyledGrommetText-sc-1qclgcc-0 lkunaY"
    />
  </div>
</div>
`;
