// Jest Snapshot v1, https://goo.gl/fbAQLP

exports[`Container renders and matches snapshot 1`] = `
<div>
  <div
    class="StyledBox-sc-13pk1d4-0 ewTzDI"
  />
</div>
`;
