// Jest Snapshot v1, https://goo.gl/fbAQLP

exports[`Menu renders and matches snapshot 1`] = `
<div>
  <div
    class="StyledGrommet-sc-19lkkz7-0 cfKHaq"
  >
    <button
      aria-label="Open Menu"
      class="StyledButton-sc-323bzc-0 SEDjW"
      type="button"
    >
      <div
        class="StyledBox-sc-13pk1d4-0 daPkeH"
      >
        <span
          class="StyledText-sc-1sadyjn-0 DkZvS"
        />
        <svg
          aria-label="FormDown"
          class="StyledIcon-ofa7kd-0 emwXih"
          viewBox="0 0 24 24"
        >
          <polyline
            fill="none"
            points="18 9 12 15 6 9"
            stroke="#000"
            stroke-width="2"
          />
        </svg>
      </div>
    </button>
  </div>
</div>
`;
