// Jest Snapshot v1, https://goo.gl/fbAQLP

exports[`AutoSaveFormField renders and matches snapshot 1`] = `
<div>
  <div
    class="StyledGrommet-sc-19lkkz7-0 fXgXKw"
  >
    <div
      class="StyledBox-sc-13pk1d4-0 gGqmMH"
    >
      <div
        class="StyledBox-sc-13pk1d4-0 kCeiYn FormField__FormFieldBox-m9hood-0 eenrNp FormField__StyledFormField-g4wt0p-0 feezXd"
        value="Test Value"
      >
        <label
          class="StyledText-sc-1sadyjn-0 enbIRN"
        >
          <span
            class="StyledText-sc-1sadyjn-0 lmFPCJ Text__StyledGrommetText-sc-1qclgcc-0 lkunaY"
          />
        </label>
        <div
          class="StyledBox-sc-13pk1d4-0 kGPDbB FormField__FormFieldContentBox-m9hood-1 ckZStK"
        >
          <div
            class="StyledBox-sc-13pk1d4-0 bFwQzJ"
          />
        </div>
      </div>
      <div
        class="StyledBox-sc-13pk1d4-0 kcIJqo"
      />
    </div>
  </div>
</div>
`;
