// Jest Snapshot v1, https://goo.gl/fbAQLP

exports[`Box renders and matches snapshot 1`] = `
.c0 {
  display: -webkit-box;
  display: -webkit-flex;
  display: -ms-flexbox;
  display: flex;
  box-sizing: border-box;
  outline: none;
  max-width: 100%;
  min-width: 0;
  min-height: 0;
  -webkit-flex-direction: column;
  -ms-flex-direction: column;
  flex-direction: column;
}

<div>
  <div
    class="c0"
  >
    <h1>
      Test
    </h1>
  </div>
</div>
`;
