// Jest Snapshot v1, https://goo.gl/fbAQLP

exports[`<IssueLink /> should match the snapshot 1`] = `
.c1 {
  box-sizing: border-box;
  font-size: inherit;
  line-height: inherit;
  color: #7D4CDB;
  font-weight: 600;
  -webkit-text-decoration: none;
  text-decoration: none;
  cursor: pointer;
  outline: none;
}

.c1:hover {
  -webkit-text-decoration: underline;
  text-decoration: underline;
}

.c0 {
  height: 100%;
  color: black;
  display: -webkit-box;
  display: -webkit-flex;
  display: -ms-flexbox;
  display: flex;
  -webkit-align-items: center;
  -webkit-box-align: center;
  -ms-flex-align: center;
  align-items: center;
  -webkit-box-pack: center;
  -webkit-justify-content: center;
  -ms-flex-pack: center;
  justify-content: center;
  white-space: nowrap;
}

<a
  className="c0 c1"
  onBlur={[Function]}
  onFocus={[Function]}
/>
`;
