// Jest Snapshot v1, https://goo.gl/fbAQLP

exports[`Register renders and matches snapshot 1`] = `
<div>
  <div
    class="StyledGrommet-sc-19lkkz7-0 eTWpSM"
  >
    <div
      class="StyledBox-sc-13pk1d4-0 QJUym"
    >
      <img
        class="StyledImage-ey4zx9-0 cHpGKY"
        src="IMAGE_MOCK"
        style="width: 300px;"
      />
    </div>
    <div
      class="StyledBox-sc-13pk1d4-0 ewTzDI"
      style="width: 90vw; max-width: 600px;"
    >
      <div
        class="StyledBox-sc-13pk1d4-0 gVSbfC"
      >
        <h2
          class="StyledHeading-sc-1rdh4aw-0 fjsCgo"
          style="font-family: soleil, 'Helvetica Neue', Helvetica, Arial, sans-serif; max-width: 100vw; text-transform: false;"
        >
          Create an account
        </h2>
        <a
          class="Link__StyledLink-sc-1vpl4pu-0 gEErvb"
          href="/login"
          theme="[object Object]"
        >
          or Sign In
        </a>
      </div>
      <form
        id="register-form"
      >
        <div
          class="StyledBox-sc-13pk1d4-0 kEDHqi"
        >
          <div
            class="StyledBox-sc-13pk1d4-0 bIVpEL FormField__FormFieldBox-m9hood-0 ddgSii FormField__StyledFormField-g4wt0p-0 feezXd"
            style="flex: 1;"
          >
            <label
              class="StyledText-sc-1sadyjn-0 enbIRN"
            >
              <span
                class="StyledText-sc-1sadyjn-0 lmFPCJ Text__StyledGrommetText-sc-1qclgcc-0 lkunaY"
              >
                First Name
                <span
                  class="StyledText-sc-1sadyjn-0 hnHDhw Text__StyledGrommetText-sc-1qclgcc-0 lkunaY"
                >
                  *
                </span>
              </span>
            </label>
            <div
              class="StyledBox-sc-13pk1d4-0 GCqjV"
            >
              <div
                class="StyledBox-sc-13pk1d4-0 jJdKAu"
              >
                <div
                  class="StyledTextInput__StyledTextInputContainer-sc-1x30a0s-1 ksQrmr"
                >
                  <input
                    autocomplete="off"
                    class="StyledTextInput-sc-1x30a0s-0 ickzDR"
                    name="first_name"
                    value=""
                  />
                </div>
              </div>
            </div>
          </div>
          <div
            class="StyledBox__StyledBoxGap-sc-13pk1d4-1 ffjnxm"
          />
          <div
            class="StyledBox-sc-13pk1d4-0 bIVpEL FormField__FormFieldBox-m9hood-0 ddgSii FormField__StyledFormField-g4wt0p-0 feezXd"
            style="flex: 1;"
          >
            <label
              class="StyledText-sc-1sadyjn-0 enbIRN"
            >
              <span
                class="StyledText-sc-1sadyjn-0 lmFPCJ Text__StyledGrommetText-sc-1qclgcc-0 lkunaY"
              >
                Last Name
                <span
                  class="StyledText-sc-1sadyjn-0 hnHDhw Text__StyledGrommetText-sc-1qclgcc-0 lkunaY"
                >
                  *
                </span>
              </span>
            </label>
            <div
              class="StyledBox-sc-13pk1d4-0 GCqjV"
            >
              <div
                class="StyledBox-sc-13pk1d4-0 jJdKAu"
              >
                <div
                  class="StyledTextInput__StyledTextInputContainer-sc-1x30a0s-1 ksQrmr"
                >
                  <input
                    autocomplete="off"
                    class="StyledTextInput-sc-1x30a0s-0 ickzDR"
                    name="last_name"
                    value=""
                  />
                </div>
              </div>
            </div>
          </div>
        </div>
        <div
          class="StyledBox-sc-13pk1d4-0 bIVpEL FormField__FormFieldBox-m9hood-0 ddgSii FormField__StyledFormField-g4wt0p-0 feezXd"
        >
          <label
            class="StyledText-sc-1sadyjn-0 enbIRN"
          >
            <span
              class="StyledText-sc-1sadyjn-0 lmFPCJ Text__StyledGrommetText-sc-1qclgcc-0 lkunaY"
            >
              Email
              <span
                class="StyledText-sc-1sadyjn-0 hnHDhw Text__StyledGrommetText-sc-1qclgcc-0 lkunaY"
              >
                *
              </span>
            </span>
          </label>
          <div
            class="StyledBox-sc-13pk1d4-0 GCqjV"
          >
            <div
              class="StyledBox-sc-13pk1d4-0 jJdKAu"
            >
              <div
                class="StyledTextInput__StyledTextInputContainer-sc-1x30a0s-1 ksQrmr"
              >
                <input
                  autocomplete="off"
                  class="StyledTextInput-sc-1x30a0s-0 gknGre"
                  name="email"
                  type="email"
                  value=""
                />
              </div>
            </div>
          </div>
        </div>
        <div
          class="StyledBox-sc-13pk1d4-0 bIVpEL FormField__FormFieldBox-m9hood-0 ddgSii FormField__StyledFormField-g4wt0p-0 feezXd"
        >
          <label
            class="StyledText-sc-1sadyjn-0 enbIRN"
          >
            <span
              class="StyledText-sc-1sadyjn-0 lmFPCJ Text__StyledGrommetText-sc-1qclgcc-0 lkunaY"
            >
              Password
              <span
                class="StyledText-sc-1sadyjn-0 hnHDhw Text__StyledGrommetText-sc-1qclgcc-0 lkunaY"
              >
                *
              </span>
            </span>
          </label>
          <div
            class="StyledBox-sc-13pk1d4-0 GCqjV"
          >
            <div
              class="StyledBox-sc-13pk1d4-0 jJdKAu"
            >
              <div
                class="StyledBox-sc-13pk1d4-0 emmXTg"
              >
                <div
                  class="StyledTextInput__StyledTextInputContainer-sc-1x30a0s-1 ksQrmr"
                >
                  <input
                    autocomplete="off"
                    class="StyledTextInput-sc-1x30a0s-0 gknGre"
                    id="password"
                    name="password"
                    type="password"
                    value=""
                  />
                </div>
                <button
                  class="StyledButton-sc-323bzc-0 jvkqEN Button__StyledGrommetButton-sc-5cxguj-0 liIZVq"
                  type="button"
                >
                  <svg
                    aria-label="Hide"
                    class="StyledIcon-ofa7kd-0 dWXdkj"
                    style="width: 30px;"
                    viewBox="0 0 24 24"
                  >
                    <path
                      d="M12,17 C9.27272727,17 6,14.2222222 6,12 C6,9.77777778 9.27272727,7 12,7 C14.7272727,7 18,9.77777778 18,12 C18,14.2222222 14.7272727,17 12,17 Z M11,12 C11,12.55225 11.44775,13 12,13 C12.55225,13 13,12.55225 13,12 C13,11.44775 12.55225,11 12,11 C11.44775,11 11,11.44775 11,12 Z M20,5 L4,19"
                      fill="none"
                      stroke="#000"
                      stroke-width="2"
                    />
                  </svg>
                </button>
              </div>
            </div>
          </div>
        </div>
        <div
          class="StyledBox-sc-13pk1d4-0 bIVpEL FormField__FormFieldBox-m9hood-0 ddgSii FormField__StyledFormField-g4wt0p-0 feezXd"
        >
          <label
            class="StyledText-sc-1sadyjn-0 enbIRN"
          >
            <span
              class="StyledText-sc-1sadyjn-0 lmFPCJ Text__StyledGrommetText-sc-1qclgcc-0 lkunaY"
            >
              Re-enter Password
              <span
                class="StyledText-sc-1sadyjn-0 hnHDhw Text__StyledGrommetText-sc-1qclgcc-0 lkunaY"
              >
                *
              </span>
            </span>
          </label>
          <div
            class="StyledBox-sc-13pk1d4-0 GCqjV"
          >
            <div
              class="StyledBox-sc-13pk1d4-0 jJdKAu"
            >
              <div
                class="StyledBox-sc-13pk1d4-0 emmXTg"
              >
                <div
                  class="StyledTextInput__StyledTextInputContainer-sc-1x30a0s-1 ksQrmr"
                >
                  <input
                    autocomplete="off"
                    class="StyledTextInput-sc-1x30a0s-0 gknGre"
                    name="confirm_password"
                    type="password"
                    value=""
                  />
                </div>
                <button
                  class="StyledButton-sc-323bzc-0 jvkqEN Button__StyledGrommetButton-sc-5cxguj-0 liIZVq"
                  type="button"
                >
                  <svg
                    aria-label="Hide"
                    class="StyledIcon-ofa7kd-0 dWXdkj"
                    style="width: 30px;"
                    viewBox="0 0 24 24"
                  >
                    <path
                      d="M12,17 C9.27272727,17 6,14.2222222 6,12 C6,9.77777778 9.27272727,7 12,7 C14.7272727,7 18,9.77777778 18,12 C18,14.2222222 14.7272727,17 12,17 Z M11,12 C11,12.55225 11.44775,13 12,13 C12.55225,13 13,12.55225 13,12 C13,11.44775 12.55225,11 12,11 C11.44775,11 11,11.44775 11,12 Z M20,5 L4,19"
                      fill="none"
                      stroke="#000"
                      stroke-width="2"
                    />
                  </svg>
                </button>
              </div>
            </div>
          </div>
        </div>
        <div
          class="StyledBox-sc-13pk1d4-0 bIVpEL FormField__FormFieldBox-m9hood-0 ddgSii FormField__StyledFormField-g4wt0p-0 feezXd"
        >
          <label
            class="StyledText-sc-1sadyjn-0 enbIRN"
          >
            <span
              class="StyledText-sc-1sadyjn-0 lmFPCJ Text__StyledGrommetText-sc-1qclgcc-0 lkunaY"
            >
              Account Type.
              <span
                class="StyledText-sc-1sadyjn-0 hnHDhw Text__StyledGrommetText-sc-1qclgcc-0 lkunaY"
              >
                *
              </span>
            </span>
          </label>
          <div
            class="StyledBox-sc-13pk1d4-0 GCqjV"
          >
            <div
              class="StyledBox-sc-13pk1d4-0 eXTSqT"
            >
              <div
                class="StyledBox-sc-13pk1d4-0 eitMOG"
              >
                <label
                  class="StyledRadioButton__StyledRadioButtonContainer-g1f6ld-0 kKDEPl"
                >
                  <div
                    class="StyledBox-sc-13pk1d4-0 jJdKAu StyledRadioButton-g1f6ld-4 eLBYmH"
                  >
                    <input
                      class="StyledRadioButton__StyledRadioButtonInput-g1f6ld-1 hBCEfd"
                      name="role"
                      type="radio"
                      value="Supplier Admin"
                    />
                    <div
                      class="StyledBox-sc-13pk1d4-0 fmmWcA"
                    >
                      <span
                        class="StyledText-sc-1sadyjn-0 lmFPCJ Text__StyledGrommetText-sc-1qclgcc-0 lkunaY"
                      >
                        Supplier
                      </span>
                    </div>
                  </div>
                </label>
                <div
                  class="StyledBox__StyledBoxGap-sc-13pk1d4-1 cPZcyD"
                />
                <label
                  class="StyledRadioButton__StyledRadioButtonContainer-g1f6ld-0 kKDEPl"
                >
                  <div
                    class="StyledBox-sc-13pk1d4-0 jJdKAu StyledRadioButton-g1f6ld-4 eLBYmH"
                  >
                    <input
                      class="StyledRadioButton__StyledRadioButtonInput-g1f6ld-1 hBCEfd"
                      name="role"
                      type="radio"
                      value="Broker Admin"
                    />
                    <div
                      class="StyledBox-sc-13pk1d4-0 fmmWcA"
                    >
                      <span
                        class="StyledText-sc-1sadyjn-0 lmFPCJ Text__StyledGrommetText-sc-1qclgcc-0 lkunaY"
                      >
                        Broker
                      </span>
                    </div>
                  </div>
                </label>
              </div>
            </div>
          </div>
        </div>
        <div
          class="StyledBox-sc-13pk1d4-0 tjSEQ"
        >
          <label
            class="StyledCheckBox__StyledCheckBoxContainer-sc-1dbk5ju-1 PHOTu"
            for="check-box"
          >
            <div
              class="StyledBox-sc-13pk1d4-0 jmffUi StyledCheckBox-sc-1dbk5ju-6 CBoMo"
            >
              <input
                class="StyledCheckBox__StyledCheckBoxInput-sc-1dbk5ju-2 dRYNyB"
                id="check-box"
                type="checkbox"
              />
              <div
                class="StyledBox-sc-13pk1d4-0 uqlPU StyledCheckBox__StyledCheckBoxBox-sc-1dbk5ju-3 iEciRS"
              >
                
              </div>
            </div>
          </label>
          <span
            class="StyledText-sc-1sadyjn-0 itJhXE Text__StyledGrommetText-sc-1qclgcc-0 lkunaY"
          >
            I agree to the
             
            <span
              class="StyledText-sc-1sadyjn-0 gEmiHW Text__StyledGrommetText-sc-1qclgcc-0 lkunaY"
            >
               Terms of Service, Privacy Policy and Cookie Policy
            </span>
          </span>
        </div>
        <div
          class="StyledBox-sc-13pk1d4-0 hzTjkL"
        >
          <button
            class="StyledButton-sc-323bzc-0 cGKVeS Button__StyledGrommetButton-sc-5cxguj-0 liIZVq"
            data-testid="submit-button"
            type="submit"
          >
            Register
          </button>
        </div>
      </form>
    </div>
     
  </div>
</div>
`;
