// Jest Snapshot v1, https://goo.gl/fbAQLP

exports[`Heading renders and matches snapshot 1`] = `
.c0 {
  font-size: 34px;
  line-height: 40px;
  max-width: 816px;
  font-weight: 600;
}

@media only screen and (max-width:768px) {
  .c0 {
    font-size: 26px;
    line-height: 32px;
    max-width: 624px;
  }
}

<div>
  <h1
    class="c0"
    style="font-family: soleil, 'Helvetica Neue', Helvetica, Arial, sans-serif; max-width: 100vw; text-transform: false;"
  >
    TESTING
  </h1>
</div>
`;
