// Jest Snapshot v1, https://goo.gl/fbAQLP

exports[`Dashboard renders and matches snapshot 1`] = `
<div>
  <div
    class="StyledGrommet-sc-19lkkz7-0 eTWpSM"
  >
    <h2
      class="StyledHeading-sc-1rdh4aw-0 jMKEAN"
    >
      Dashboard
    </h2>
  </div>
</div>
`;
