// Jest Snapshot v1, https://goo.gl/fbAQLP

exports[`LocaleToggle should match the snapshot 1`] = `
<div
  class="LocaleTogglestyles__Wrapper-sc-1ugarqm-0 jxmXgR"
>
  <select
    class="Select-sc-1sm01tk-0 fSKxbD"
  >
    <option
      value="en"
    >
      en
    </option>
    <option
      value="de"
    >
      de
    </option>
  </select>
</div>
`;
