// Jest Snapshot v1, https://goo.gl/fbAQLP

exports[`Image renders and matches snapshot 1`] = `
<div>
  <img
    class=""
  />
</div>
`;
