// Jest Snapshot v1, https://goo.gl/fbAQLP

exports[`Login renders and matches snapshot 1`] = `
<div>
  <div
    class="StyledGrommet-sc-19lkkz7-0 fXgXKw"
  >
    <div
      class="StyledBox-sc-13pk1d4-0 iHTcTt"
    >
      <img
        class="StyledImage-ey4zx9-0 cHpGKY"
        src="IMAGE_MOCK"
        style="width: 300px;"
      />
    </div>
    <div
      class="StyledBox-sc-13pk1d4-0 bKktlX"
      style="width: 90vw; max-width: 600px;"
    >
      <div
        class="StyledBox-sc-13pk1d4-0 hzRqwJ"
        data-testid="login-header"
      >
        <h2
          class="StyledHeading-sc-1rdh4aw-0 fjsCgo"
          style="font-family: soleil, 'Helvetica Neue', Helvetica, Arial, sans-serif; max-width: 100vw; text-transform: false;"
        >
          Login
        </h2>
        <a
          class="Link__StyledLink-sc-1vpl4pu-0 gEErvb"
          href="/register"
          theme="[object Object]"
        >
          or Create An Account
        </a>
      </div>
      <form
        id="login-form"
      >
        <div
          class="StyledBox-sc-13pk1d4-0 jrFtYe"
        />
        <div
          class="StyledBox-sc-13pk1d4-0 dtCrhk FormField__FormFieldBox-m9hood-0 eenrNp FormField__StyledFormField-g4wt0p-0 feezXd"
        >
          <label
            class="StyledText-sc-1sadyjn-0 enbIRN"
          >
            <span
              class="StyledText-sc-1sadyjn-0 lmFPCJ Text__StyledGrommetText-sc-1qclgcc-0 lkunaY"
            >
              Email
              <span
                class="StyledText-sc-1sadyjn-0 hnHDhw Text__StyledGrommetText-sc-1qclgcc-0 lkunaY"
              >
                *
              </span>
            </span>
          </label>
          <div
            class="StyledBox-sc-13pk1d4-0 kGPDbB FormField__FormFieldContentBox-m9hood-1 ckZStK"
          >
            <div
              class="StyledBox-sc-13pk1d4-0 bFwQzJ"
            >
              <div
                class="StyledTextInput__StyledTextInputContainer-sc-1x30a0s-1 ksQrmr"
              >
                <input
                  autocomplete="off"
                  class="StyledTextInput-sc-1x30a0s-0 cOdHuP"
                  name="email"
                  type="email"
                  value=""
                />
              </div>
            </div>
          </div>
        </div>
        <div
          class="StyledBox-sc-13pk1d4-0 dtCrhk FormField__FormFieldBox-m9hood-0 eenrNp FormField__StyledFormField-g4wt0p-0 feezXd"
        >
          <label
            class="StyledText-sc-1sadyjn-0 enbIRN"
          >
            <span
              class="StyledText-sc-1sadyjn-0 lmFPCJ Text__StyledGrommetText-sc-1qclgcc-0 lkunaY"
            >
              Password
              <span
                class="StyledText-sc-1sadyjn-0 hnHDhw Text__StyledGrommetText-sc-1qclgcc-0 lkunaY"
              >
                *
              </span>
            </span>
          </label>
          <div
            class="StyledBox-sc-13pk1d4-0 kGPDbB FormField__FormFieldContentBox-m9hood-1 ckZStK"
          >
            <div
              class="StyledBox-sc-13pk1d4-0 bFwQzJ"
            >
              <div
                class="StyledBox-sc-13pk1d4-0 bUEJOH"
              >
                <div
                  class="StyledTextInput__StyledTextInputContainer-sc-1x30a0s-1 ksQrmr"
                >
                  <input
                    autocomplete="off"
                    class="StyledTextInput-sc-1x30a0s-0 cOdHuP"
                    id="password"
                    name="password"
                    type="password"
                    value=""
                  />
                </div>
                <button
                  class="StyledButton-sc-323bzc-0 tdSht Button__StyledGrommetButton-sc-5cxguj-0 liIZVq"
                  type="button"
                >
                  <svg
                    aria-label="Hide"
                    class="StyledIcon-ofa7kd-0 dWXdkj"
                    style="width: 30px;"
                    viewBox="0 0 24 24"
                  >
                    <path
                      d="M12,17 C9.27272727,17 6,14.2222222 6,12 C6,9.77777778 9.27272727,7 12,7 C14.7272727,7 18,9.77777778 18,12 C18,14.2222222 14.7272727,17 12,17 Z M11,12 C11,12.55225 11.44775,13 12,13 C12.55225,13 13,12.55225 13,12 C13,11.44775 12.55225,11 12,11 C11.44775,11 11,11.44775 11,12 Z M20,5 L4,19"
                      fill="none"
                      stroke="#000"
                      stroke-width="2"
                    />
                  </svg>
                </button>
              </div>
            </div>
          </div>
        </div>
        <div
          class="StyledBox-sc-13pk1d4-0 gtwMyw"
        >
          <button
            class="StyledButton-sc-323bzc-0 bxwrDd Button__StyledGrommetButton-sc-5cxguj-0 liIZVq"
            data-testid="submit-button"
            type="submit"
          >
            Login
          </button>
        </div>
        <a
          class="Link__StyledLink-sc-1vpl4pu-0 gEErvb"
          href="/password-reset-request"
          theme="[object Object]"
        >
          Forgot Password?
        </a>
        <div
          class="StyledBox-sc-13pk1d4-0 bFwQzJ"
        />
      </form>
    </div>
  </div>
</div>
`;
