// Jest Snapshot v1, https://goo.gl/fbAQLP

exports[`DataTable renders and matches snapshot 1`] = `
<div>
  <table
    class="StyledTable-sc-1m3u5g-6 bJymoW StyledDataTable-xrlyjm-0 hJcOxq"
  >
    <thead
      class="StyledTable__StyledTableHeader-sc-1m3u5g-4 kdPLsZ StyledDataTable__StyledDataTableHeader-xrlyjm-3 hOGMbn"
    >
      <tr
        class="StyledTable__StyledTableRow-sc-1m3u5g-2 dSAyNg StyledDataTable__StyledDataTableRow-xrlyjm-1 jKzMJr"
      />
    </thead>
    <tbody
      class="StyledTable__StyledTableBody-sc-1m3u5g-3 bMdIOJ StyledDataTable__StyledDataTableBody-xrlyjm-2 kERYjL"
    />
  </table>
</div>
`;
