// Jest Snapshot v1, https://goo.gl/fbAQLP

exports[`Link renders and matches snapshot 1`] = `
<div>
  <div
    class="StyledGrommet-sc-19lkkz7-0 fXgXKw"
  >
    <a
      class="Link__StyledLink-sc-1vpl4pu-0 gEErvb"
      href="/login"
      theme="[object Object]"
    />
  </div>
</div>
`;
