// Jest Snapshot v1, https://goo.gl/fbAQLP

exports[`Routes should render and match the snapshot 1`] = `
<React.Fragment>
  <HelmetWrapper
    defaultTitle="React.js Boilerplate"
    defer={true}
    encodeSpecialCharacters={true}
    titleTemplate="%s - React.js Boilerplate"
  >
    <meta
      content="A React.js Boilerplate application"
      name="description"
    />
  </HelmetWrapper>
  <Memo(withRouter()) />
  <Routes__AppContainer>
    <Switch>
      <Route
        component={[Function]}
        exact={true}
        path="/"
      />
      <Route
        component={
          Object {
            "$$typeof": Symbol(react.memo),
            "compare": null,
            "displayName": "",
            "propTypes": Object {
              "history": [Function],
              "location": [Function],
            },
            "type": [Function],
          }
        }
        path="/confirm-account"
      />
      <Memo(wrappedComponent)
        component={[Function]}
        exact={true}
        path="/login"
      />
      <Memo(wrappedComponent)
        component={[Function]}
        exact={true}
        path="/register"
      />
      <Memo(wrappedComponent)
        component={[Function]}
        exact={true}
        path="/password-reset-request"
      />
      <Memo(wrappedComponent)
        component={
          Object {
            "$$typeof": Symbol(react.memo),
            "compare": null,
            "displayName": "",
            "propTypes": Object {
              "location": [Function],
            },
            "type": [Function],
          }
        }
        exact={true}
        path="/password-reset"
      />
      <Memo(wrappedComponent)
        component={
          Object {
            "$$typeof": Symbol(react.memo),
            "compare": null,
            "displayName": "",
            "type": [Function],
          }
        }
        exact={true}
        path="/dashboard"
      />
      <Memo(wrappedComponent)
        component={[Function]}
        path="/features"
      />
      <Memo(wrappedComponent)
        component={[Function]}
        path="/profile"
      />
      <Route
        component={[Function]}
        path=""
      />
    </Switch>
  </Routes__AppContainer>
  <Memo(GlobalStyleComponent) />
</React.Fragment>
`;
