// Jest Snapshot v1, https://goo.gl/fbAQLP

exports[`GenericError renders and matches snapshot 1`] = `
<div>
  <div
    class="StyledBox-sc-13pk1d4-0 kibWqE"
  >
    <h1
      class="StyledHeading-sc-1rdh4aw-0 bgWVVT"
      style="font-family: soleil, 'Helvetica Neue', Helvetica, Arial, sans-serif; max-width: 100vw; text-transform: false;"
    >
      <span
        aria-label="Crying Face"
        role="img"
      >
        ðŸ˜¢
      </span>
    </h1>
    <h2
      class="StyledHeading-sc-1rdh4aw-0 ghwJhK"
      style="font-family: soleil, 'Helvetica Neue', Helvetica, Arial, sans-serif; max-width: 100vw; text-transform: false;"
    >
      Could not load data. Try refreshing your page.
    </h2>
  </div>
</div>
`;
