// Jest Snapshot v1, https://goo.gl/fbAQLP

exports[`HomePage should render and match the snapshot 1`] = `
<div
  class="StyledGrommet-sc-19lkkz7-0 eTWpSM"
>
  <div
    class="StyledBox-sc-13pk1d4-0 gVSbfC"
  >
    <div
      class="StyledBox-sc-13pk1d4-0 QJUym"
    >
      <img
        class="StyledImage-ey4zx9-0 cHpGKY"
        src="IMAGE_MOCK"
        style="width: 300px;"
      />
    </div>
    <h2
      class="StyledHeading-sc-1rdh4aw-0 jNKvMz"
      style="font-family: soleil, 'Helvetica Neue', Helvetica, Arial, sans-serif; max-width: 100vw; text-transform: false;"
    >
      <span>
        LiveRider
      </span>
    </h2>
    <span
      class="StyledText-sc-1sadyjn-0 hUokoe Text__StyledGrommetText-sc-1qclgcc-0 lkunaY"
    >
      <span>
        The link between music venues, touring artists, and crew.
      </span>
    </span>
    <div
      class="StyledBox-sc-13pk1d4-0 hBDGhc"
    >
      <button
        class="StyledButton-sc-323bzc-0 dzMTYh Button__StyledGrommetButton-sc-5cxguj-0 liIZVq"
        type="button"
      >
        Login
      </button>
      <div
        class="StyledBox__StyledBoxGap-sc-13pk1d4-1 ffjnxm"
      />
      <button
        class="StyledButton-sc-323bzc-0 dzMTYh Button__StyledGrommetButton-sc-5cxguj-0 liIZVq"
        type="button"
      >
        Register
      </button>
    </div>
  </div>
</div>
`;
