// Jest Snapshot v1, https://goo.gl/fbAQLP

exports[`Footer should render and match the snapshot 1`] = `
<footer
  className="Wrapper-wcfdfo-0 ktQLLy"
>
  <section>
    <span>
      This project is licensed under the MIT license.
    </span>
  </section>
  <section>
    <div
      className="LocaleTogglestyles__Wrapper-sc-1df0f0w-0 djZlcf"
    >
      <select
        className="Select-sc-1sm01tk-0 fSKxbD"
        onChange={[Function]}
        value="en"
      >
        <option
          value="en"
        >
          en
        </option>
        <option
          value="de"
        >
          de
        </option>
      </select>
    </div>
  </section>
  <section>
    <span>
      
      Made with love by 
      <a
        className="StyledAnchor-sc-1rp7lwl-0 cfNrRd"
        href="https://twitter.com/mxstbr"
        onBlur={[Function]}
        onFocus={[Function]}
      >
        Max Stoiber
      </a>
      .
    
    </span>
  </section>
</footer>
`;
